C:\Users\user\venv\Scripts\python.exe : F
位於 線路:1 字元:1
+ C:\Users\user\venv\Scripts\python.exe test_flow_audit.py > test_outpu ...
+ ~~~~~~~~~~~~~~~~~~~~~~~~~~~~~~~~~~~~~~~~~~~~~~~~~~~~~~~~~~~~~~~~~~~~~
    + CategoryInfo          : NotSpecified: (F:String) [], RemoteException
    + FullyQualifiedErrorId : NativeCommandError
 
======================================================================
FAIL: test_golden_axis_end_to_end_flow (__main__.TestFlowAgentChecker.test_golden_axis_end_to_end_flow)
Executes Worldview -> Character -> Volume -> Skeleton -> Plot -> Writer -> Editor step-by-step
----------------------------------------------------------------------
Traceback (most recent call last):
  File "C:\Users\user\Desktop\test_html\新增資料夾\Write_Novel\test_flow_audit.py", line 892, in test_golden_axis_end_to_end
_flow
    self.assertIn('"target": "writer"', director_msg["content"])
AssertionError: '"target": "writer"' not found in '【總監階段評估 (plot)】\n【總監評估】\n- 當前階段：「current_stage = plot」\n- 完成品質：優秀\n-
 主要發現：詳細章節大綱架構完備，活躍角色分佈合理，情節懸念扣人心絃。\n\n【決策理由】\n大綱大功告成，順應流轉規則推進。\n\n```json\n{\n  "action": "CONTINUE",\n  "target": "pl
ot",\n  "hint": "批次 1 合格，繼續生成第 4 章開始的批次 2 詳細大綱",\n  "volume_index": null,\n  "chapter_index": 4\n}\n```'

----------------------------------------------------------------------
Ran 1 test in 0.445s

FAILED (failures=1)

?? [STAGE 1] Running Worldview Agent (Story Architect)...
??[STAGE 1 SUCCESS] Worldview successfully generated and saved.

?? [STAGE 2] Running Director Decision (Worldview)...
??[STAGE 2 SUCCESS] Director evaluated worldview and approved progression to characters.

?? [STAGE 3] Running Character Designer (Generate mode)...
??[STAGE 3 SUCCESS] Character Designer generated 5 core characters.

?? [STAGE 4] Running Director Decision (Characters)...
??[STAGE 4 SUCCESS] Director reviewed characters and approved volumes stage.

?? [STAGE 5] Running Volumes Planner (Generate mode)...
[DB] Global foreshadowing blueprint precomputed successfully for novel flow-audit-test-novel (T=6)
[DB] Global foreshadowing blueprint precomputed successfully for novel flow-audit-test-novel (T=6)
??[STAGE 5 SUCCESS] Volumes Planner mapped 2 volumes and precomputed foreshadowing blueprint.

?? [STAGE 6] Running Director Decision (Volumes)...
??[STAGE 6 SUCCESS] Director approved volumes and advanced to volume_skeleton.

?? [STAGE 7] Running Volume Skeleton Planner...
??[STAGE 7 SUCCESS] Generated chapter skeletons for both Volume 1 and Volume 2.

?? [STAGE 8] Running Director Decision (Volume Skeleton)...
??[STAGE 8 SUCCESS] Director reviewed volume skeleton and approved detailed plot generation.

?? [STAGE 9] Running Plot Planner (Batch 1: Chapters 1 to 3)...
worldview_text: 788 ```json
{
  "theme": "?芯?鞈賢?靽株?",
  "main_conflict": "蝘?銝振?瘜耨??瘣曄?撠?",
  "worldview": "?刻??芯?嚗犖憿?暸?瘞?隞亥◤?餌?...
messages: 2 [{'role': 'system', 'content': '雿銝雿?撠???閬?憭批葦嚗lot Planner嚗n\n\n雿??瑁痊?舐楊??銝?瑞??琿?蝡?憭抒雇嚗hapter Outlines嚗??箏?蝥迤?神雿?靘??啁????n\n## 閬?\n- 瘥?蝭??雲憭?鈭辣摰寥??撐???典?箏神????隤芣迤??靘?撠n\n## ???楊蝜??n1. **?桀?????*嚗?蝡?舐蝡???韏瑚???????瘚偌撣喋n2. **?征?典?**嚗?瘜冽??啁???閮剖?????蝡???頝典漲?n3. **?琿??湔**嚗?蝡???0-4 ?擃?臭?隞塚??膩隤啣??暻潦??潔?暻潸?蝒?敺??n4. **隡?????*嚗??潮爸?嗡葉???????′?扳?摰?閮凋?蝑??????′?扳?摰??嗡?蝑?雿??撠?蝡???foreshadowing_plant ??foreshadowing_payoff 甈?銝剖?蝢?乩蒂撅?蝺函?嚗?敺瞍?\n撠撉冽銝剜?摰? ?????頧?暺脣?嚗?敹??典???蝭??turning_points 甈?銝剔Ⅱ撖血神?伐?銝血??銝剔策鈭?頞喟??脣??撘萄?嚗n5. **???敹?*嚗矽?扳?蝺絲隡?憟?蝡閮剛?撘瑕??詨艙?文?嚗liffhanger嚗n\n## 頛詨?澆?嚗?潮摰?JSON嚗?鋆孵 ```json ... ``` 銝哨?\n\n\n\n\n[CRITICAL REQUIREMENT: Output strictly in JSON format matching this schema. Wrap in ```json ... ``` codeblock]\n{\n  "chapters": []\n}\n\n'}, {'role': 'user', 'content': '??????n{\n  "theme": "?芯?鞈賢?靽株?",\n  "main_conflict": "蝘?銝振?瘜耨??瘣曄?撠?",\n  "worldview": "?刻??芯?嚗犖憿?暸?瘞?隞亥◤?餌?瘜Ｗ?撠?敺???靽桃?蝘???????雿輻?????嗥?嚗瘜??摰?頨怠?蟡耨銵?,\n  "macro_outline": "銝餉?雿銝?誥?港耨?極嚗??瘜?蝘??耨銵??蝯圾瘙箏憭折???游銵?嚗圾????瘞?蝡凋?雓?,\n  "multi_act_structure": [\n    {\n      "title": "蝚砌?撟??嗥?閬粹?",\n      "content": "銝餉??噬?脣??嗥?嚗????賢凝隤?\n    },\n    {\n      "title": "蝚砌?撟????閫?",\n      "content": "銝餉??冽??澆?憭批???脣?斗??瘣?\n    },\n    {\n      "title": "蝚砌?撟??雯憌?",\n      "content": "?舀?隞?嚗??賊雓"\n    }\n  ],\n  "progressive_character_plan": [\n    {\n      "title": "蝚砌?瘜ａ?蝭?,\n      "content": "?噬???????\n    },\n    {\n      "title": "蝚砌?瘜Ｙ撅?,\n      "content": "??瑁?摰嗅摰Ｙ??\n    },\n    {\n      "title": "蝚砌?瘜ａ?瞏?,\n      "content": "?琿璈瘙箸?餃"\n    }\n  ],\n  "foreshadowing_seeds": [\n    "?嗥?銝剝???支?鈭箸?擳蝘??萄?鈭箇???",\n    "銝餉????舐?璆萄???撖"\n  ],\n  "key_turning_points": [\n    "?除???仃?改?銝餉??箄澈?"\n  ]\n}\n\n??貊陛??蝭撉冽??敺?銝????扯”?n???閬?憭抒雇?格?蝡???蝚?1 蝡???頛芾???漱?踴n  - ?祉?撉冽璁?嚗?蝢賢靽桃??渲??潮璈?嚗???憓?銝??嗥???嚗????琿??乓n  - 隡?隞餃?摰?嚗"foreshadowing_plants": ["[Seed-1] ?嗥?銝剝???支?鈭箸?擳蝘??萄?鈭箇???"], "foreshadowing_payoffs": [], "turning_points": []}\n\n\n??銝蝡爸?嗅???蝚?2 蝡???憭瘚n  - ?祉?撉冽璁?嚗?摰嗉蕭?萄?琿?晷銝??耨??嚗?蝢賢?函?蝟???詨?蝒??n  - 隡?隞餃?摰?嚗"foreshadowing_plants": ["[Seed-3] 銝餉????舐?璆萄???撖"], "foreshadowing_payoffs": [], "turning_points": ["?????頧?暺脣?嚗蜓閫◤蝘?銝振餈賣捏嚗◤餈恍?斗??瘣暸??(蝯?蝚?2 蝡?"]}\n\n\n?蝙?刻凝隤?憿?閬??n蝝啣?蝚?1-3 蝡?閰喟敦憭抒雇\n\n?? ???孵瘜冽???甇斗?雿?銝???洵 1 蝡??底蝝啁???憭抒雇嚗n蝚?1 蝡摰?憿嚗?頛芾???漱?踴?蝪⊥?撉冽憭抒雇?綽??噬?其耨???餅??????????日??賣????隞????n隢?蝝唳??銝蝡?敺?蝡?撉冽銝???撠??箇洵 1 蝡??泵??瑽?閰喟敦憭抒雇 JSON 甈?嚗?憒?title, chapter_index, events, cliffhanger, characters_active, purpose, time_setting, time_span, foreshadowing_plant, foreshadowing_payoff, turning_points 蝑??n\n隢???蝭??蝚血?蝯??底蝝啣之蝬?JSON?n'}]
??[STAGE 9 SUCCESS] Generated and saved batch 1 (chapters 1-3) detailed outlines.

?? [STAGE 10] Running Director Decision (Plot - Batch 1 incomplete check)...
??[STAGE 10 SUCCESS] Director correctly detected incomplete plot progress (3/6) and directed continuation of plot from chapter 4.

?? [STAGE 11] Running Plot Planner (Batch 2: Chapters 4 to 6)...
worldview_text: 788 ```json
{
  "theme": "?芯?鞈賢?靽株?",
  "main_conflict": "蝘?銝振?瘜耨??瘣曄?撠?",
  "worldview": "?刻??芯?嚗犖憿?暸?瘞?隞亥◤?餌?...
messages: 2 [{'role': 'system', 'content': '雿銝雿?撠???閬?憭批葦嚗lot Planner嚗n\n\n雿??瑁痊?舐楊??銝?瑞??琿?蝡?憭抒雇嚗hapter Outlines嚗??箏?蝥迤?神雿?靘??啁????n\n## 閬?\n- 瘥?蝭??雲憭?鈭辣摰寥??撐???典?箏神????隤芣迤??靘?撠n\n## ???楊蝜??n1. **?桀?????*嚗?蝡?舐蝡???韏瑚???????瘚偌撣喋n2. **?征?典?**嚗?瘜冽??啁???閮剖?????蝡???頝典漲?n3. **?琿??湔**嚗?蝡???0-4 ?擃?臭?隞塚??膩隤啣??暻潦??潔?暻潸?蝒?敺??n4. **隡?????*嚗??潮爸?嗡葉???????′?扳?摰?閮凋?蝑??????′?扳?摰??嗡?蝑?雿??撠?蝡???foreshadowing_plant ??foreshadowing_payoff 甈?銝剖?蝢?乩蒂撅?蝺函?嚗?敺瞍?\n撠撉冽銝剜?摰? ?????頧?暺脣?嚗?敹??典???蝭??turning_points 甈?銝剔Ⅱ撖血神?伐?銝血??銝剔策鈭?頞喟??脣??撘萄?嚗n5. **???敹?*嚗矽?扳?蝺絲隡?憟?蝡閮剛?撘瑕??詨艙?文?嚗liffhanger嚗n\n## 頛詨?澆?嚗?潮摰?JSON嚗?鋆孵 ```json ... ``` 銝哨?\n\n\n\n\n[CRITICAL REQUIREMENT: Output strictly in JSON format matching this schema. Wrap in ```json ... ``` codeblock]\n{\n  "chapters": []\n}\n\n'}, {'role': 'user', 'content': '??????n{\n  "theme": "?芯?鞈賢?靽株?",\n  "main_conflict": "蝘?銝振?瘜耨??瘣曄?撠?",\n  "worldview": "?刻??芯?嚗犖憿?暸?瘞?隞亥◤?餌?瘜Ｗ?撠?敺???靽桃?蝘???????雿輻?????嗥?嚗瘜??摰?頨怠?蟡耨銵?,\n  "macro_outline": "銝餉?雿銝?誥?港耨?極嚗??瘜?蝘??耨銵??蝯圾瘙箏憭折???游銵?嚗圾????瘞?蝡凋?雓?,\n  "multi_act_structure": [\n    {\n      "title": "蝚砌?撟??嗥?閬粹?",\n      "content": "銝餉??噬?脣??嗥?嚗????賢凝隤?\n    },\n    {\n      "title": "蝚砌?撟????閫?",\n      "content": "銝餉??冽??澆?憭批???脣?斗??瘣?\n    },\n    {\n      "title": "蝚砌?撟??雯憌?",\n      "content": "?舀?隞?嚗??賊雓"\n    }\n  ],\n  "progressive_character_plan": [\n    {\n      "title": "蝚砌?瘜ａ?蝭?,\n      "content": "?噬???????\n    },\n    {\n      "title": "蝚砌?瘜Ｙ撅?,\n      "content": "??瑁?摰嗅摰Ｙ??\n    },\n    {\n      "title": "蝚砌?瘜ａ?瞏?,\n      "content": "?琿璈瘙箸?餃"\n    }\n  ],\n  "foreshadowing_seeds": [\n    "?嗥?銝剝???支?鈭箸?擳蝘??萄?鈭箇???",\n    "銝餉????舐?璆萄???撖"\n  ],\n  "key_turning_points": []\n}\n\n??貊陛??蝭撉冽??敺?銝????扯”?n??銝蝡爸?嗅???蝚?3 蝡??誥憓葉???n  - ?祉?撉冽璁?嚗?蝢質?隞?撣園?????亙銝?嚗??????瘜?銝犖瘙箏????斗??瘣整n  - 隡?隞餃?摰?嚗"foreshadowing_plants": [], "foreshadowing_payoffs": [], "turning_points": []}\n\n\n???閬?憭抒雇?格?蝡???蝚?4 蝡????其?摰?鞈芰??n  - ?祉?撉冽璁?嚗?蝢賭?銵??摰???瑁?撠?毽??????噬?園瞍內瘜敺株矽?n  - 隡?隞餃?摰?嚗"foreshadowing_plants": [], "foreshadowing_payoffs": ["[Seed-1] ?嗥?銝剝???支?鈭箸?擳蝘??萄?鈭箇???"], "turning_points": []}\n\n\n??銝蝡爸?嗅???蝚?5 蝡??瘜????撖n  - ?祉?撉冽璁?嚗?貊????葉瞏嚗岫????????剁??噬?券?頛芷???閫????渲粥?n  - 隡?隞餃?摰?嚗"foreshadowing_plants": [], "foreshadowing_payoffs": ["[Seed-3] 銝餉????舐?璆萄???撖"], "turning_points": []}\n\n\n?蝙?刻凝隤?憿?閬??n蝝啣?蝚?4-6 蝡?閰喟敦憭抒雇\n\n?? ???孵瘜冽???甇斗?雿?銝???洵 4 蝡??底蝝啁???憭抒雇嚗n蝚?4 蝡摰?憿嚗??其?摰?鞈芰???蝪⊥?撉冽憭抒雇?綽??噬銝銵??摰???瑁?撠?毽??????噬?園瞍內瘜敺株矽?n隢?蝝唳??銝蝡?敺?蝡?撉冽銝???撠??箇洵 4 蝡??泵??瑽?閰喟敦憭抒雇 JSON 甈?嚗?憒?title, chapter_index, events, cliffhanger, characters_active, purpose, time_setting, time_span, foreshadowing_plant, foreshadowing_payoff, turning_points 蝑??n\n隢???蝭??蝚血?蝯??底蝝啣之蝬?JSON?n'}]
??[STAGE 11 SUCCESS] Generated and saved batch 2 (chapters 4-6) detailed outlines.

?? [STAGE 12] Running Director Decision (Plot - All completed check)...
